<html>
<body>
<pre>
<h1>礦ision Build Log</h1>
<h2>Tool Versions:</h2>
IDE-Version: μVision V5.14.0.0
Copyright (C) 2015 ARM Ltd and ARM Germany GmbH. All rights reserved.
License Information:  ,  , LIC=1WS9U-S6IGY-UKAB6-DMDR2-YASND-DIDKX
 
Tool Versions:
Toolchain:       MDK-ARM Professional  Version: 5.14.0.0
Toolchain Path:  D:\MDK\ARM\ARMCC\Bin
C Compiler:      Armcc.exe V5.05 update 1 (build 106)
Assembler:       Armasm.exe V5.05 update 1 (build 106)
Linker/Locator:  ArmLink.exe V5.05 update 1 (build 106)
Library Manager: ArmAr.exe V5.05 update 1 (build 106)
Hex Converter:   FromElf.exe V5.05 update 1 (build 106)
CPU DLL:         SARMCM3.DLL V5.14.0.0
Dialog DLL:      DARMSTM.DLL V1.65.0.0
Target DLL:      Segger\JL2CM3.dll V2.99.13.0
Dialog DLL:      TARMSTM.DLL V1.64.0.0
 
<h2>Project:</h2>
C:\Users\lin kai\Desktop\各种作业\嵌入式\pro\电子秤\2018嵌入式计重计pro\USER\ADC.uvprojx
Project File Date:  12/19/2018

<h2>Output:</h2>
Build target 'ADC'
compiling main.c...
main.c(33): warning:  #177-D: variable "t" was declared but never referenced
    u8 t;
main.c: 1 warning, 0 errors
linking...
Program Size: Code=43830 RO-data=6938 RW-data=144 ZI-data=2248  
FromELF: creating hex file...
"..\OBJ\ADC.axf" - 0 Error(s), 1 Warning(s).

<h2>Collection of Component include folders:</h2>
  C:\Users\lin kai\Desktop\各种作业\嵌入式\pro\电子秤\2018嵌入式计重计pro\USER\RTE
  D:\MDK\ARM\PACK\Keil\STM32F1xx_DFP\2.2.0

<h2>Collection of Component Files used:</h2>
</pre>
</body>
</html>
